C:/workspace/kers/Software/Figl/STEVAL_SPIN3201_vorne/Src/stm32f0xx_hal_msp.c:71:6:HAL_MspInit	8	static
C:/workspace/kers/Software/Figl/STEVAL_SPIN3201_vorne/Src/stm32f0xx_hal_msp.c:94:6:HAL_ADC_MspInit	56	static
C:/workspace/kers/Software/Figl/STEVAL_SPIN3201_vorne/Src/stm32f0xx_hal_msp.c:154:6:HAL_ADC_MspDeInit	8	static
C:/workspace/kers/Software/Figl/STEVAL_SPIN3201_vorne/Src/stm32f0xx_hal_msp.c:189:6:HAL_TIM_PWM_MspInit	40	static
C:/workspace/kers/Software/Figl/STEVAL_SPIN3201_vorne/Src/stm32f0xx_hal_msp.c:219:6:HAL_TIM_MspPostInit	48	static
C:/workspace/kers/Software/Figl/STEVAL_SPIN3201_vorne/Src/stm32f0xx_hal_msp.c:264:6:HAL_TIM_PWM_MspDeInit	8	static
C:/workspace/kers/Software/Figl/STEVAL_SPIN3201_vorne/Src/stm32f0xx_hal_msp.c:302:6:HAL_UART_MspInit	48	static
C:/workspace/kers/Software/Figl/STEVAL_SPIN3201_vorne/Src/stm32f0xx_hal_msp.c:372:6:HAL_UART_MspDeInit	8	static
