C:/Users/ematric/Downloads/New folder (3)/New folder (2)/neu/Src/mc_tasks_foc.c:526:13:FOC_Clear	16	static
C:/Users/ematric/Downloads/New folder (3)/New folder (2)/neu/Src/mc_tasks_foc.c:81:13:FOC_Init	56	static
C:/Users/ematric/Downloads/New folder (3)/New folder (2)/neu/Src/mc_tasks_foc.c:176:6:TSK_MF_StopProcessing	8	static
C:/Users/ematric/Downloads/New folder (3)/New folder (2)/neu/Src/mc_tasks_foc.c:562:13:FOC_InitAdditionalMethods	0	static
C:/Users/ematric/Downloads/New folder (3)/New folder (2)/neu/Src/mc_tasks_foc.c:585:13:FOC_CalcCurrRef	24	static,ignoring_inline_asm
C:/Users/ematric/Downloads/New folder (3)/New folder (2)/neu/Src/mc_tasks_foc.c:196:13:TSK_MediumFrequencyTaskM1	32	static
C:/Users/ematric/Downloads/New folder (3)/New folder (2)/neu/Src/mc_tasks_foc.c:636:16:FOC_HighFrequencyTask	16	static
