C:/Users/ematric/Downloads/New folder (3)/New folder (2)/neu/Src/register_interface.c:34:9:RI_SetRegisterGlobal	4	static
C:/Users/ematric/Downloads/New folder (3)/New folder (2)/neu/Src/register_interface.c:168:9:RI_SetRegisterMotor1	24	static
C:/Users/ematric/Downloads/New folder (3)/New folder (2)/neu/Src/register_interface.c:726:9:RI_GetRegisterGlobal	8	static
C:/Users/ematric/Downloads/New folder (3)/New folder (2)/neu/Src/register_interface.c:871:11:RI_GetRegisterMotor1	96	static
C:/Users/ematric/Downloads/New folder (3)/New folder (2)/neu/Src/register_interface.c:1625:9:RI_MovString	4	static
C:/Users/ematric/Downloads/New folder (3)/New folder (2)/neu/Src/register_interface.c:1651:9:RI_GetIDSize	0	static
C:/Users/ematric/Downloads/New folder (3)/New folder (2)/neu/Src/register_interface.c:1686:16:RI_GetPtrReg	0	static
