C:/workspace/kers/Software/Figl/STEVAL_SPIN3201_vorne/MCSDK_v6.3.1-Full/MotorControl/MCSDK/MCLib/Any/Src/sto_pll_speed_pos_fdbk.c:114:13:STO_PLL_Return	0	static
C:/workspace/kers/Software/Figl/STEVAL_SPIN3201_vorne/MCSDK_v6.3.1-Full/MotorControl/MCSDK/MCLib/Any/Src/sto_pll_speed_pos_fdbk.c:148:16:STO_PLL_CalcElAngle	96	static
C:/workspace/kers/Software/Figl/STEVAL_SPIN3201_vorne/MCSDK_v6.3.1-Full/MotorControl/MCSDK/MCLib/Any/Src/sto_pll_speed_pos_fdbk.c:395:13:STO_PLL_CalcAvrgMecSpeedUnit	32	static
C:/workspace/kers/Software/Figl/STEVAL_SPIN3201_vorne/MCSDK_v6.3.1-Full/MotorControl/MCSDK/MCLib/Any/Src/sto_pll_speed_pos_fdbk.c:558:13:STO_PLL_CalcAvrgElSpeedDpp	12	static
C:/workspace/kers/Software/Figl/STEVAL_SPIN3201_vorne/MCSDK_v6.3.1-Full/MotorControl/MCSDK/MCLib/Any/Src/sto_pll_speed_pos_fdbk.c:624:13:STO_PLL_Clear	8	static
C:/workspace/kers/Software/Figl/STEVAL_SPIN3201_vorne/MCSDK_v6.3.1-Full/MotorControl/MCSDK/MCLib/Any/Src/sto_pll_speed_pos_fdbk.c:63:13:STO_PLL_Init	16	static
C:/workspace/kers/Software/Figl/STEVAL_SPIN3201_vorne/MCSDK_v6.3.1-Full/MotorControl/MCSDK/MCLib/Any/Src/sto_pll_speed_pos_fdbk.c:751:13:STO_PLL_IsObserverConverged	20	static
C:/workspace/kers/Software/Figl/STEVAL_SPIN3201_vorne/MCSDK_v6.3.1-Full/MotorControl/MCSDK/MCLib/Any/Src/sto_pll_speed_pos_fdbk.c:864:20:STO_PLL_GetEstimatedBemf	8	static
C:/workspace/kers/Software/Figl/STEVAL_SPIN3201_vorne/MCSDK_v6.3.1-Full/MotorControl/MCSDK/MCLib/Any/Src/sto_pll_speed_pos_fdbk.c:890:20:STO_PLL_GetEstimatedCurrent	8	static
C:/workspace/kers/Software/Figl/STEVAL_SPIN3201_vorne/MCSDK_v6.3.1-Full/MotorControl/MCSDK/MCLib/Any/Src/sto_pll_speed_pos_fdbk.c:925:13:STO_PLL_GetObserverGains	8	static
C:/workspace/kers/Software/Figl/STEVAL_SPIN3201_vorne/MCSDK_v6.3.1-Full/MotorControl/MCSDK/MCLib/Any/Src/sto_pll_speed_pos_fdbk.c:946:13:STO_PLL_SetObserverGains	0	static
C:/workspace/kers/Software/Figl/STEVAL_SPIN3201_vorne/MCSDK_v6.3.1-Full/MotorControl/MCSDK/MCLib/Any/Src/sto_pll_speed_pos_fdbk.c:967:13:STO_GetPLLGains	16	static
C:/workspace/kers/Software/Figl/STEVAL_SPIN3201_vorne/MCSDK_v6.3.1-Full/MotorControl/MCSDK/MCLib/Any/Src/sto_pll_speed_pos_fdbk.c:994:13:STO_PLL_SetMecAngle	0	static
C:/workspace/kers/Software/Figl/STEVAL_SPIN3201_vorne/MCSDK_v6.3.1-Full/MotorControl/MCSDK/MCLib/Any/Src/sto_pll_speed_pos_fdbk.c:1013:13:STO_OTF_ResetPLL	8	static
C:/workspace/kers/Software/Figl/STEVAL_SPIN3201_vorne/MCSDK_v6.3.1-Full/MotorControl/MCSDK/MCLib/Any/Src/sto_pll_speed_pos_fdbk.c:1036:13:STO_PLL_BemfConsistencyCheckSwitch	0	static
C:/workspace/kers/Software/Figl/STEVAL_SPIN3201_vorne/MCSDK_v6.3.1-Full/MotorControl/MCSDK/MCLib/Any/Src/sto_pll_speed_pos_fdbk.c:1058:13:STO_PLL_IsBemfConsistent	0	static
C:/workspace/kers/Software/Figl/STEVAL_SPIN3201_vorne/MCSDK_v6.3.1-Full/MotorControl/MCSDK/MCLib/Any/Src/sto_pll_speed_pos_fdbk.c:1073:13:STO_PLL_IsVarianceTight	0	static
C:/workspace/kers/Software/Figl/STEVAL_SPIN3201_vorne/MCSDK_v6.3.1-Full/MotorControl/MCSDK/MCLib/Any/Src/sto_pll_speed_pos_fdbk.c:1097:13:STO_PLL_ForceConvergency1	0	static
C:/workspace/kers/Software/Figl/STEVAL_SPIN3201_vorne/MCSDK_v6.3.1-Full/MotorControl/MCSDK/MCLib/Any/Src/sto_pll_speed_pos_fdbk.c:1119:13:STO_PLL_ForceConvergency2	0	static
C:/workspace/kers/Software/Figl/STEVAL_SPIN3201_vorne/MCSDK_v6.3.1-Full/MotorControl/MCSDK/MCLib/Any/Src/sto_pll_speed_pos_fdbk.c:1139:13:STO_SetDirection	0	static
