C:/Users/fluky/Desktop/g4/MCSDK_v6.3.1-Full/MotorControl/MCSDK/MCLib/G4xx/Src/r3_1_g4xx_pwm_curr_fdbk.c:528:13:R3_1_GetPhaseCurrents	12	static
C:/Users/fluky/Desktop/g4/MCSDK_v6.3.1-Full/MotorControl/MCSDK/MCLib/G4xx/Src/r3_1_g4xx_pwm_curr_fdbk.c:1046:10:R3_1_SetADCSampPointPolarization	4	static
C:/Users/fluky/Desktop/g4/MCSDK_v6.3.1-Full/MotorControl/MCSDK/MCLib/G4xx/Src/r3_1_g4xx_pwm_curr_fdbk.c:1281:13:R3_1_HFCurrentsPolarizationAB	8	static
C:/Users/fluky/Desktop/g4/MCSDK_v6.3.1-Full/MotorControl/MCSDK/MCLib/G4xx/Src/r3_1_g4xx_pwm_curr_fdbk.c:1334:13:R3_1_HFCurrentsPolarizationC	4	static
C:/Users/fluky/Desktop/g4/MCSDK_v6.3.1-Full/MotorControl/MCSDK/MCLib/G4xx/Src/r3_1_g4xx_pwm_curr_fdbk.c:1436:13:R3_1_SwitchOnPWM	20	static
C:/Users/fluky/Desktop/g4/MCSDK_v6.3.1-Full/MotorControl/MCSDK/MCLib/G4xx/Src/r3_1_g4xx_pwm_curr_fdbk.c:1500:13:R3_1_SwitchOffPWM	8	static
C:/Users/fluky/Desktop/g4/MCSDK_v6.3.1-Full/MotorControl/MCSDK/MCLib/G4xx/Src/r3_1_g4xx_pwm_curr_fdbk.c:1881:13:R3_1_RLGetPhaseCurrents	4	static
C:/Users/fluky/Desktop/g4/MCSDK_v6.3.1-Full/MotorControl/MCSDK/MCLib/G4xx/Src/r3_1_g4xx_pwm_curr_fdbk.c:1978:13:R3_1_RLSwitchOnPWM	20	static
C:/Users/fluky/Desktop/g4/MCSDK_v6.3.1-Full/MotorControl/MCSDK/MCLib/G4xx/Src/r3_1_g4xx_pwm_curr_fdbk.c:1385:13:R3_1_TurnOnLowSides	4	static
C:/Users/fluky/Desktop/g4/MCSDK_v6.3.1-Full/MotorControl/MCSDK/MCLib/G4xx/Src/r3_1_g4xx_pwm_curr_fdbk.c:1630:13:R3_1_SetAOReferenceVoltage	16	static
C:/Users/fluky/Desktop/g4/MCSDK_v6.3.1-Full/MotorControl/MCSDK/MCLib/G4xx/Src/r3_1_g4xx_pwm_curr_fdbk.c:1937:13:R3_1_RLTurnOnLowSides	4	static
C:/Users/fluky/Desktop/g4/MCSDK_v6.3.1-Full/MotorControl/MCSDK/MCLib/G4xx/Src/r3_1_g4xx_pwm_curr_fdbk.c:71:13:R3_1_Init	64	static
C:/Users/fluky/Desktop/g4/MCSDK_v6.3.1-Full/MotorControl/MCSDK/MCLib/G4xx/Src/r3_1_g4xx_pwm_curr_fdbk.c:372:13:R3_1_SetOffsetCalib	4	static
C:/Users/fluky/Desktop/g4/MCSDK_v6.3.1-Full/MotorControl/MCSDK/MCLib/G4xx/Src/r3_1_g4xx_pwm_curr_fdbk.c:386:13:R3_1_GetOffsetCalib	0	static
C:/Users/fluky/Desktop/g4/MCSDK_v6.3.1-Full/MotorControl/MCSDK/MCLib/G4xx/Src/r3_1_g4xx_pwm_curr_fdbk.c:400:13:R3_1_CurrentReadingPolarization	32	static
C:/Users/fluky/Desktop/g4/MCSDK_v6.3.1-Full/MotorControl/MCSDK/MCLib/G4xx/Src/r3_1_g4xx_pwm_curr_fdbk.c:705:13:R3_1_GetPhaseCurrents_OVM	16	static
C:/Users/fluky/Desktop/g4/MCSDK_v6.3.1-Full/MotorControl/MCSDK/MCLib/G4xx/Src/r3_1_g4xx_pwm_curr_fdbk.c:1074:10:R3_1_SetADCSampPointSectX	12	static
C:/Users/fluky/Desktop/g4/MCSDK_v6.3.1-Full/MotorControl/MCSDK/MCLib/G4xx/Src/r3_1_g4xx_pwm_curr_fdbk.c:1157:10:R3_1_SetADCSampPointSectX_OVM	12	static
C:/Users/fluky/Desktop/g4/MCSDK_v6.3.1-Full/MotorControl/MCSDK/MCLib/G4xx/Src/r3_1_g4xx_pwm_curr_fdbk.c:1561:14:R3_1_TIMx_UP_IRQHandler	16	static
C:/Users/fluky/Desktop/g4/MCSDK_v6.3.1-Full/MotorControl/MCSDK/MCLib/G4xx/Src/r3_1_g4xx_pwm_curr_fdbk.c:1664:6:R3_1_RLDetectionModeEnable	4	static
C:/Users/fluky/Desktop/g4/MCSDK_v6.3.1-Full/MotorControl/MCSDK/MCLib/G4xx/Src/r3_1_g4xx_pwm_curr_fdbk.c:1720:6:R3_1_RLDetectionModeDisable	4	static
C:/Users/fluky/Desktop/g4/MCSDK_v6.3.1-Full/MotorControl/MCSDK/MCLib/G4xx/Src/r3_1_g4xx_pwm_curr_fdbk.c:1805:10:R3_1_RLDetectionModeSetDuty	4	static
C:/Users/fluky/Desktop/g4/MCSDK_v6.3.1-Full/MotorControl/MCSDK/MCLib/G4xx/Src/r3_1_g4xx_pwm_curr_fdbk.c:2056:6:R3_1_RLTurnOnLowSidesAndStart	8	static
