D:/11_GIT/kers/Software/Siess/workbench/STEVAL_SPIN3201/Src/aspep.c:180:6:ASPEP_start	8	static
D:/11_GIT/kers/Software/Siess/workbench/STEVAL_SPIN3201/Src/aspep.c:207:6:ASPEP_sendBeacon	16	static,ignoring_inline_asm
D:/11_GIT/kers/Software/Siess/workbench/STEVAL_SPIN3201/Src/aspep.c:251:6:ASPEP_sendPing	16	static,ignoring_inline_asm
D:/11_GIT/kers/Software/Siess/workbench/STEVAL_SPIN3201/Src/aspep.c:285:6:ASPEP_getBuffer	8	static
D:/11_GIT/kers/Software/Siess/workbench/STEVAL_SPIN3201/Src/aspep.c:376:9:ASPEP_sendPacket	24	static,ignoring_inline_asm
D:/11_GIT/kers/Software/Siess/workbench/STEVAL_SPIN3201/Src/aspep.c:527:6:ASPEP_HWDataTransmittedIT	16	static
D:/11_GIT/kers/Software/Siess/workbench/STEVAL_SPIN3201/Src/aspep.c:579:10:ASPEP_RXframeProcess	56	static,ignoring_inline_asm
D:/11_GIT/kers/Software/Siess/workbench/STEVAL_SPIN3201/Src/aspep.c:747:6:ASPEP_HWDataReceivedIT	16	static
D:/11_GIT/kers/Software/Siess/workbench/STEVAL_SPIN3201/Src/aspep.c:835:6:ASPEP_HWReset	8	static
